
[1m[46m RUN [49m[22m [36mv3.2.4 [39m[90mc:/Users/Public/larissa/Sustentabilidade/eco-puzzle-quest[39m

 [32m✓[39m src/test/example.test.ts [2m([22m[2m1 test[22m[2m)[22m[32m 3[2mms[22m[39m

[2m Test Files [22m [1m[32m1 passed[39m[22m[90m (1)[39m
[2m      Tests [22m [1m[32m1 passed[39m[22m[90m (1)[39m
[2m   Start at [22m 14:12:44
[2m   Duration [22m 7.45s[2m (transform 86ms, setup 1.03s, collect 47ms, tests 3ms, environment 5.41s, prepare 383ms)[22m

